[backblue.gif]
[fade.gif]
[index.html]
[riviera-home.nl/application/files/4515/1548/2653/favicon144.png]
[riviera-home.nl/concrete/js/jquery.js]
[riviera-home.nl/application/themes/riviera/components/knockout/dist/knockout.js]
[riviera-home.nl/application/files/6115/6956/6156/riviera-logo-1.jpg]
[riviera-home.nl/application/files/images/cache/927a59dfb409ec6441cbfa77ecdf5fb3cd5c4cff.jpg]
[riviera-home.nl/application/files/images/cache/e8e98261413e719d727cabe587ab5fb786816bd8.jpg]
[riviera-home.nl/application/files/images/cache/962ba2a83d3e2def210d3574a45dface630f9ed8.jpg]
[riviera-home.nl/application/files/images/cache/fc8279528b8ccb209a629f3902b44ac8434574c1.jpg]
[riviera-home.nl/application/files/images/cache/66cda7aa9040e6daa2ba691a1296b1d3f3813b35.jpg]
[riviera-home.nl/application/files/images/cache/7751988ff4c1cfb96d5a128e9841d09b956619c4.jpg]
[riviera-home.nl/application/files/images/cache/f509c6cebd8fbc6f650b9f57d3bd0fae8aba7189.jpg]
[riviera-home.nl/application/files/images/cache/4f99f4bb27ef1042c1ccdd2e1b25ea1b3e1cf48a.jpg]
[riviera-home.nl/application/files/images/cache/cfdeec9bc28fa1d015788b31236d6bf64a23782c.jpg]
[riviera-home.nl/application/files/images/cache/674c7a9de741c6f56ed5aef26ebaaa9638bba1d9.jpg]
[riviera-home.nl/application/files/images/cache/66dfe82135919cf91f0de84d37bb41bb2e00b03c.jpg]
[riviera-home.nl/application/files/images/cache/ec25b2bc38373b7f41f964b1039688ee3ea6e790.jpg]
[riviera-home.nl/application/files/images/cache/dcabc1d211ac3ceeecbdb8da2771dc030fe759d6.jpg]
[riviera-home.nl/application/files/images/cache/0b1e319b3bf9052acd9d502a461466886e4a7b08.jpg]
[riviera-home.nl/application/files/images/cache/4a256aac3c4478d80b9e4e4c8e232f37d4222d1f.jpg]
[riviera-home.nl/concrete/js/jquery-ui.js]
[riviera-home.nl/application/files/cache/js/2ad0a24b56a0a10f70641e7270370a96f1a36e8b.js]
[riviera-home.nl/application/files/cache/js/2b4977ac12355258e4872c0206baed350280ceb0.js]
[riviera-home.nl/index.html]
[riviera-home.nl/index-2.html]
[riviera-home.nl/concrete/css/fonts/fontawesome-webfont78ce.eot]
[riviera-home.nl/concrete/css/fonts/fontawesome-webfontd41d.eot]
[riviera-home.nl/concrete/css/fonts/fontawesome-webfont78ce.woff]
[riviera-home.nl/concrete/css/fonts/fontawesome-webfont78ce.ttf]
[riviera-home.nl/concrete/css/font-awesome.css]
[riviera-home.nl/concrete/css/images/ui-bg_glass_75_ffffff_1x400.png]
[riviera-home.nl/concrete/css/images/ui-icons_222222_256x240.png]
[riviera-home.nl/concrete/css/images/ui-icons_888888_256x240.png]
[riviera-home.nl/concrete/css/images/ui-icons_454545_256x240.png]
[riviera-home.nl/concrete/css/images/ui-icons_2e83ff_256x240.png]
[riviera-home.nl/concrete/css/images/ui-icons_f6cf3b_256x240.png]
[riviera-home.nl/concrete/css/images/ui-bg_flat_0_aaaaaa_40x100.png]
[riviera-home.nl/packages/revenew_toolkit/components/bootstrap/dist/fonts/glyphicons-halflings-regular.eot]
[riviera-home.nl/packages/revenew_newsletter/images/ajax-loader.gif]
[riviera-home.nl/application/files/cache/css/687bcc9028f2df12c101d9e2b4e60c0efa05e9cf.css]
[www.googletagmanager.com/gtm5445.html]
[riviera-home.nl/application/themes/riviera/fonts/kg_one_more_night/KG_One_More_Night.eot]
[riviera-home.nl/application/themes/riviera/fonts/kg_one_more_night/KG_One_More_Night.woff]
[riviera-home.nl/application/themes/riviera/fonts/kg_one_more_night/KG_One_More_Nightd41d.eot]
[riviera-home.nl/application/themes/riviera/fonts/kg_one_more_night/KG_One_More_Night.otf]
[riviera-home.nl/application/themes/riviera/fonts/kg_one_more_night/KG_One_More_Night.ttf]
[riviera-home.nl/application/themes/riviera/fonts/kyrial_display_pro_regular/KyrialDisplayPro-Regular.eot]
[riviera-home.nl/application/themes/riviera/fonts/kyrial_display_pro_regular/KyrialDisplayPro-Regular.woff]
[riviera-home.nl/application/themes/riviera/fonts/kyrial_display_pro_regular/KyrialDisplayPro-Regulard41d.eot]
[riviera-home.nl/application/themes/riviera/fonts/kyrial_display_pro_regular/KyrialDisplayPro-Regular.ttf]
[riviera-home.nl/application/themes/riviera/fonts/kyrial_display_pro_semibold/KyrialDisplayPro-SemiBold.eot]
[riviera-home.nl/application/themes/riviera/fonts/kyrial_display_pro_semibold/KyrialDisplayPro-SemiBold.woff]
[riviera-home.nl/application/themes/riviera/fonts/kyrial_display_pro_semibold/KyrialDisplayPro-SemiBoldd41d.eot]
[riviera-home.nl/application/themes/riviera/fonts/kyrial_display_pro_semibold/KyrialDisplayPro-SemiBold.ttf]
[riviera-home.nl/application/themes/riviera/fonts/raleway/ralewayblack.woff2]
[riviera-home.nl/application/themes/riviera/fonts/raleway/ralewayblack.woff]
[riviera-home.nl/application/themes/riviera/fonts/raleway/ralewayblack.ttf]
[riviera-home.nl/application/themes/riviera/fonts/raleway/ralewayblack_italic.woff2]
[riviera-home.nl/application/themes/riviera/fonts/raleway/ralewayblack_italic.woff]
[riviera-home.nl/application/themes/riviera/fonts/raleway/ralewayblack_italic.ttf]
[riviera-home.nl/application/themes/riviera/fonts/raleway/raleway_extra_bold.woff2]
[riviera-home.nl/application/themes/riviera/fonts/raleway/raleway_extra_bold.woff]
[riviera-home.nl/application/themes/riviera/fonts/raleway/raleway_extra_bold.ttf]
[riviera-home.nl/application/themes/riviera/fonts/raleway/raleway_extrabold_italic.ttf]
[riviera-home.nl/application/themes/riviera/fonts/raleway/ralewaybold.woff2]
[riviera-home.nl/application/themes/riviera/fonts/raleway/ralewaybold.woff]
[riviera-home.nl/application/themes/riviera/fonts/raleway/ralewaybold.ttf]
[riviera-home.nl/application/themes/riviera/fonts/raleway/ralewaybold_italic.woff2]
[riviera-home.nl/application/themes/riviera/fonts/raleway/ralewaybold_italic.woff]
[riviera-home.nl/application/themes/riviera/fonts/raleway/ralewaybold_italic.ttf]
[riviera-home.nl/application/themes/riviera/fonts/raleway/raleway_semibold.woff2]
[riviera-home.nl/application/themes/riviera/fonts/raleway/raleway_semibold.woff]
[riviera-home.nl/application/themes/riviera/fonts/raleway/raleway_semibold.ttf]
[riviera-home.nl/application/themes/riviera/fonts/raleway/raleway_semibold_italic.woff2]
[riviera-home.nl/application/themes/riviera/fonts/raleway/raleway_semibold_italic.woff]
[riviera-home.nl/application/themes/riviera/fonts/raleway/raleway_semibold_italic.ttf]
[riviera-home.nl/application/themes/riviera/fonts/raleway/raleway_medium.woff2]
[riviera-home.nl/application/themes/riviera/fonts/raleway/raleway_medium.woff]
[riviera-home.nl/application/themes/riviera/fonts/raleway/raleway_medium.ttf]
[riviera-home.nl/application/themes/riviera/fonts/raleway/raleway_medium_italic.woff2]
[riviera-home.nl/application/themes/riviera/fonts/raleway/raleway_medium_italic.woff]
[riviera-home.nl/application/themes/riviera/fonts/raleway/raleway_medium_italic.ttf]
[riviera-home.nl/application/themes/riviera/fonts/raleway/raleway_regular.woff2]
[riviera-home.nl/application/themes/riviera/fonts/raleway/raleway_regular.woff]
[riviera-home.nl/application/themes/riviera/fonts/raleway/raleway_regular.ttf]
[riviera-home.nl/application/themes/riviera/fonts/raleway/raleway_italic.woff2]
[riviera-home.nl/application/themes/riviera/fonts/raleway/raleway_italic.woff]
[riviera-home.nl/application/themes/riviera/fonts/raleway/raleway_italic.ttf]
[riviera-home.nl/application/themes/riviera/fonts/raleway/raleway_thin.woff2]
[riviera-home.nl/application/themes/riviera/fonts/raleway/raleway_thin.woff]
[riviera-home.nl/application/themes/riviera/fonts/raleway/raleway_thin.ttf]
[riviera-home.nl/application/themes/riviera/fonts/raleway/raleway_thin_italic.ttf]
[riviera-home.nl/application/themes/riviera/fonts/raleway/raleway_light.woff2]
[riviera-home.nl/application/themes/riviera/fonts/raleway/raleway_light.woff]
[riviera-home.nl/application/themes/riviera/fonts/raleway/raleway_light.ttf]
[riviera-home.nl/application/themes/riviera/fonts/raleway/raleway_light_italic.woff2]
[riviera-home.nl/application/themes/riviera/fonts/raleway/raleway_light_italic.woff]
[riviera-home.nl/application/themes/riviera/fonts/raleway/raleway_light_italic.ttf]
[riviera-home.nl/application/themes/riviera/fonts/raleway/raleway_extralight.woff2]
[riviera-home.nl/application/themes/riviera/fonts/raleway/raleway_extralight.woff]
[riviera-home.nl/application/themes/riviera/fonts/raleway/raleway_extralight.ttf]
[riviera-home.nl/application/themes/riviera/fonts/raleway/raleway_extralight_italic.woff2]
[riviera-home.nl/application/themes/riviera/fonts/raleway/raleway_extralight_italic.woff]
[riviera-home.nl/application/themes/riviera/fonts/raleway/raleway_extralight_italic.ttf]
[riviera-home.nl/application/themes/riviera/fonts/playfair/playfair_display_black.woff2]
[riviera-home.nl/application/themes/riviera/fonts/playfair/playfair_display_black.woff]
[riviera-home.nl/application/themes/riviera/fonts/playfair/playfair_display_black.ttf]
[riviera-home.nl/application/themes/riviera/fonts/playfair/playfair_display_blackitalic.woff2]
[riviera-home.nl/application/themes/riviera/fonts/playfair/playfair_display_blackitalic.woff]
[riviera-home.nl/application/themes/riviera/fonts/playfair/playfair_display_blackitalic.ttf]
[riviera-home.nl/application/themes/riviera/fonts/playfair/playfair_display_bold.woff2]
[riviera-home.nl/application/themes/riviera/fonts/playfair/playfair_display_bold.woff]
[riviera-home.nl/application/themes/riviera/fonts/playfair/playfair_display_bold.ttf]
[riviera-home.nl/application/themes/riviera/fonts/playfair/playfair_display_bolditalic.woff2]
[riviera-home.nl/application/themes/riviera/fonts/playfair/playfair_display_bolditalic.woff]
[riviera-home.nl/application/themes/riviera/fonts/playfair/playfair_display_bolditalic.ttf]
[riviera-home.nl/application/themes/riviera/fonts/playfair/playfair_display_regular.woff2]
[riviera-home.nl/application/themes/riviera/fonts/playfair/playfair_display_regular.woff]
[riviera-home.nl/application/themes/riviera/fonts/playfair/playfair_display_regular.ttf]
[riviera-home.nl/application/themes/riviera/fonts/playfair/playfair_display_italic.woff2]
[riviera-home.nl/application/themes/riviera/fonts/playfair/playfair_display_italic.woff]
[riviera-home.nl/application/themes/riviera/fonts/fontello/fontellof8ac.eot]
[riviera-home.nl/application/themes/riviera/fonts/fontello/fontellof8ac.woff2]
[riviera-home.nl/application/themes/riviera/fonts/fontello/fontellof8ac.woff]
[riviera-home.nl/application/themes/riviera/fonts/fontello/fontellof8ac.ttf]
[riviera-home.nl/application/blocks/quick_menu/images/logo-big.png]
[riviera-home.nl/application/blocks/quick_menu/images/stars-big-inactive.png]
[riviera-home.nl/application/blocks/quick_menu/images/stars-big.png]
[riviera-home.nl/application/blocks/muntz_lookbook/images/hover-image.png]
[riviera-home.nl/application/themes/riviera/images/address.png]
[riviera-home.nl/application/blocks/media/images/Play_Button.png]
[riviera-home.nl/application/bower_components/responsive-lightbox/loading.gif]
[riviera-home.nl/application/themes/riviera/images/fancysprite.png]
[riviera-home.nl/application/files/cache/css/riviera/style.css]
[riviera-home.nl/application/files/images/cache/3d0f271cb8b7bf08390eef80a1ed417f461e8a8a.jpg]
[riviera-home.nl/application/files/images/cache/5d5ea1152f1ab88021e5801e4be246df7714222b.jpg]
[riviera-home.nl/application/files/images/cache/dae88ec095b2651a274980a48135f89e4237f02e.jpg]
[riviera-home.nl/application/files/images/cache/e852bd60b2500097a4a94c7d0dafca1d812b54e9.jpg]
[riviera-home.nl/application/files/images/cache/8cf175eefc1e113840bd872de648bc8431bf6db1.jpg]
[riviera-home.nl/application/files/images/cache/bdba8f2acca7e1e639361e9964102e876e8881f6.jpg]
[riviera-home.nl/application/files/images/cache/947703e916035e0b1a152a39b3a3b4dfcaeddc5e.jpg]
[riviera-home.nl/application/files/cache/js/16b9829c2f8a85bc44a03b6da0164a35e434c7b7.js]
[riviera-home.nl/concrete/js/app.js]
[riviera-home.nl/concrete/js/sitemap.js]
[riviera-home.nl/concrete/js/select2.js]
[riviera-home.nl/application/files/cache/js/27a8b33596e3a2f237d3e6ec89b59a043aae13c5.js]
[riviera-home.nl/pvc/index.html]
[riviera-home.nl/application/files/images/cache/bf4e93cbb3ea84d2b5eec7bbf2c636e4c973243c.jpg]
[riviera-home.nl/application/files/images/cache/2669a1afd81d8edaf98a685c20e67404652155d4.jpg]
[riviera-home.nl/application/files/images/cache/d0b54705eec62627e0cf18444e56c0b2014cfb8e.jpg]
[riviera-home.nl/application/files/images/cache/c7ac670fc025a95abd1fd31237a808ff01eeb6fd.jpg]
[riviera-home.nl/application/files/images/cache/50d34b9f68a09b2c03c8d8862779a2ba2041478d.jpg]
[riviera-home.nl/application/files/images/cache/d92a24e383b5fce97e81a4b6fee50c3c80126c20.jpg]
[riviera-home.nl/application/files/images/cache/1f2318354721a3e53f3ee5e8349149ec78bd5132.jpg]
[riviera-home.nl/application/files/cache/js/ec82fad62561d9eb5ce928bf1084b6c7ffbb21e7.js]
[riviera-home.nl/application/files/cache/js/765614a4e36fc041dc1508d0fd905177266a5d17.js]
[riviera-home.nl/laminaat/index.html]
[riviera-home.nl/application/files/images/cache/5064deebf1b6d09de40cef0f1df9b82f10dc783e.jpg]
[riviera-home.nl/application/files/images/cache/a8d0b22186be1fe6f716ffdc04dcb08ac5a8a621.jpg]
[riviera-home.nl/application/files/images/cache/5f7fd6c32372ae90a25183fdf3d924655b3713f3.jpg]
[riviera-home.nl/application/files/images/cache/6decb020191cf91aaf7e5018feb3b02f3dff60ed.jpg]
[riviera-home.nl/application/files/images/cache/dea85bafcf99c9abbfb42a3d059242e0309505b2.jpg]
[riviera-home.nl/application/files/images/cache/6046932f381c677dfe2ea735d5b85fd172b5b82a.jpg]
[riviera-home.nl/tapijt/index.html]
[riviera-home.nl/application/files/images/cache/fd06e1dbfcabad611531242b4e7798732a990429.jpg]
[riviera-home.nl/application/files/images/cache/ca1b34658fe6348b0ee1fb342a5960a7d6797c20.jpg]
[riviera-home.nl/application/files/images/cache/dd0e51e598917f594104d1e9d98662ad8a869b26.jpg]
[riviera-home.nl/application/files/images/cache/1bee69865cd0e8c80b09391ff30ec4f46716d0d7.jpg]
[riviera-home.nl/application/files/images/cache/04f6f4955dc2b4878e19ca1966b8a968184c1494.jpg]
[riviera-home.nl/application/files/images/cache/a43c0ad81e899aad8945baeb400aad8b8b0b0172.jpg]
[riviera-home.nl/application/files/images/cache/d8b2cc5affd76e4d25920ef59a7f7f1c67382ee7.jpg]
[riviera-home.nl/application/files/images/cache/bdf52e99b4a881627970dfeec4c3c5c71649fbf2.jpg]
[riviera-home.nl/vinyl/index.html]
[riviera-home.nl/application/files/images/cache/371646811e4c389784f701cca1436abb68a74ad2.jpg]
[riviera-home.nl/application/themes/riviera/images/stairconfigurator/images/step1/thumb/Avanto-Dark-Grey.png]
[riviera-home.nl/application/themes/riviera/images/stairconfigurator/images/step1/thumb/Avanto-Light-Grey.png]
[riviera-home.nl/application/themes/riviera/images/stairconfigurator/images/step1/thumb/Avanto-Natural.png]
[riviera-home.nl/application/themes/riviera/images/stairconfigurator/images/step1/thumb/Avanto-Smokey.png]
[riviera-home.nl/application/themes/riviera/images/stairconfigurator/images/step1/thumb/Avanto-Warm-Brown.png]
[riviera-home.nl/application/themes/riviera/images/stairconfigurator/images/step1/thumb/Avanto-beige.png]
[riviera-home.nl/application/themes/riviera/images/stairconfigurator/images/step1/thumb/Ceramo-Anthracite.png]
[riviera-home.nl/application/themes/riviera/images/stairconfigurator/images/step1/thumb/Ceramo-Beige.png]
[riviera-home.nl/application/themes/riviera/images/stairconfigurator/images/step1/thumb/Ceramo-Grey.png]
[riviera-home.nl/application/themes/riviera/images/stairconfigurator/images/step1/thumb/Ceramo-Lightgrey.png]
[riviera-home.nl/application/themes/riviera/images/stairconfigurator/images/step1/thumb/Hout-Rustiek.png]
[riviera-home.nl/application/themes/riviera/images/stairconfigurator/images/step1/thumb/Hout-SelectGermania.png]
[riviera-home.nl/application/themes/riviera/images/stairconfigurator/images/step2/thumb/Geen.png]
[riviera-home.nl/application/themes/riviera/images/stairconfigurator/images/step2/thumb/Gelijkkleurend.png]
[riviera-home.nl/application/themes/riviera/images/stairconfigurator/images/step2/thumb/Stootbord-wit.png]
[riviera-home.nl/application/themes/riviera/images/stairconfigurator/images/step3/thumb/RSV_kleur.png]
[riviera-home.nl/application/themes/riviera/images/stairconfigurator/images/step3/thumb/Zilver.png]
[riviera-home.nl/application/themes/riviera/images/stairconfigurator/images/step3/thumb/Zwart.png]
[riviera-home.nl/application/themes/riviera/images/stairconfigurator/images/base/4.jpg]
[riviera-home.nl/application/themes/riviera/images/stairconfigurator/images/base/1.jpg]
[riviera-home.nl/application/themes/riviera/images/stairconfigurator/images/base/2.jpg]
[riviera-home.nl/application/themes/riviera/images/stairconfigurator/images/base/3.jpg]
[riviera-home.nl/application/files/images/cache/0a1f0ed32465d8261decba6ee2b3d29f702903ea.jpg]
[riviera-home.nl/application/files/cache/js/c9882892f7556815fe57800909c4acaca4bc9f42.js]
[riviera-home.nl/traprenovatie/index.html]
[riviera-home.nl/concepten/index.html]
[riviera-home.nl/application/files/images/cache/92728f021f97cae290e576e8488fc21ba80cf8f4.jpg]
[riviera-home.nl/application/files/images/cache/bea6d424653f9f5f76217181eb4eb535de5de64e.jpg]
[riviera-home.nl/concepten/silent-rigid-click/index.html]
[riviera-home.nl/application/files/cache/js/d1b1d93bce1fd70d9f68fef81af6745f6c12c985.js]
[riviera-home.nl/over-ons/index.html]
[riviera-home.nl/application/files/cache/js/7be5b18d940b232676ee91e1b1bfcf308ffcbc46.js]
[riviera-home.nl/over-ons/blog/index.html]
[riviera-home.nl/application/files/cache/js/3cd25566f805d93b68c38182e177744cb406e34a.js]
[riviera-home.nl/faq/index.html]
[riviera-home.nl/application/files/cache/js/299c50325e379d8a409305e587574c518cd290be.js]
[riviera-home.nl/faq/algemeen/index.html]
[riviera-home.nl/faq/onderhoud/index.html]
[riviera-home.nl/faq/techniek/index.html]
[riviera-home.nl/faq/installatie/index.html]
[riviera-home.nl/application/files/images/cache/5c29eb3369b36e42d4090165be5f8393632182b7.jpg]
[riviera-home.nl/application/files/cache/js/36f929c8d4f3d90cad91b8229f9beccaa0ace194.js]
[riviera-home.nl/afspraak-maken/index.html]
[riviera-home.nl/application/themes/riviera/images/instagram.svg]
[riviera-home.nl/application/themes/riviera/images/pinterest.svg]
[riviera-home.nl/application/themes/riviera/images/linkedin.svg]
[www.google.com/recaptcha/api5884.js]
[riviera-home.nl/application/files/cache/js/02ac4ee8b6e075a323cf95f35fb98955fb193b91.js]
[riviera-home.nl/nieuwsbrief/index.html]
[riviera-home.nl/application/themes/riviera/images/dl-icon-premium.png]
[riviera-home.nl/application/themes/riviera/images/dl-icon.png]
[riviera-home.nl/application/files/cache/js/cfff7901e3bce27663d77e47dea21c004e83da1f.js]
[riviera-home.nl/winkels/index.html]
[riviera-home.nl/application/files/cache/js/17b78ef64dc0edb45fa8b228f2ec7d14283935c7.js]
[riviera-home.nl/bekijk-uw-vloer/index.html]
[riviera-home.nl/concrete/css/fonts/fontawesome-webfont78ce.svg]
[riviera-home.nl/application/themes/riviera/fonts/kg_one_more_night/KG_One_More_Night.svg]
[riviera-home.nl/application/themes/riviera/fonts/kyrial_display_pro_regular/KyrialDisplayPro-Regular.svg]
[riviera-home.nl/application/themes/riviera/fonts/kyrial_display_pro_regular/KyrialDisplayPro-Light.eot/index.html]
[riviera-home.nl/application/themes/riviera/fonts/kyrial_display_pro_regular/KyrialDisplayPro-Light.woff/index.html]
[riviera-home.nl/application/themes/riviera/fonts/kyrial_display_pro_regular/KyrialDisplayPro-Light.eot/indexd41d.html]
[riviera-home.nl/application/themes/riviera/fonts/kyrial_display_pro_regular/KyrialDisplayPro-Light.svg/index.html]
[riviera-home.nl/application/themes/riviera/fonts/kyrial_display_pro_regular/KyrialDisplayPro-Light.ttf/index.html]
[riviera-home.nl/application/themes/riviera/fonts/kyrial_display_pro_semibold/KyrialDisplayPro-SemiBold.svg]
[riviera-home.nl/application/themes/riviera/css/utilities/raleway_extrabold_italic.woff2/index.html]
[riviera-home.nl/application/themes/riviera/css/utilities/raleway_extrabold_italic.woff/index.html]
[riviera-home.nl/application/themes/riviera/fonts/ralewayraleway_thin_italic.woff2/index.html]
[riviera-home.nl/application/themes/riviera/fonts/ralewayraleway_thin_italic.woff/index.html]
[riviera-home.nl/application/themes/riviera/fonts/fontello/fontellof8ac.svg]
[riviera-home.nl/application/themes/riviera/css/blocks/index.html]
[riviera-home.nl/application/themes/riviera/images/hex.svg]
[riviera-home.nl/application/themes/riviera/images/samplerequest.svg]
[riviera-home.nl/application/themes/riviera/images/arrow-right.svg]
[riviera-home.nl/concrete/images/dynatree/vline.gif]
[riviera-home.nl/concrete/images/dynatree/icons.gif]
[riviera-home.nl/concrete/images/dynatree/loading.gif]
[riviera-home.nl/concrete/images/icons/arrow_down.png]
[riviera-home.nl/concrete/css/images/select2.png]
[riviera-home.nl/concrete/css/images/select2-spinner.gif]
[riviera-home.nl/concrete/css/images/select2x2.png]
[riviera-home.nl/concrete/images/responsive-slides/arrows.gif]
[riviera-home.nl/application/files/cache/css/647020ccc2c06f578ab3ff4e7d54335e55966b8f.css]
[riviera-home.nl/application/files/cache/css/29410407f032ea6ba052c5be537448fa64758c05.css]
[riviera-home.nl/application/files/cache/js/259d4b9c84c42bacdc87ffd3a5a9d4ec8577e332.js]
[riviera-home.nl/winkels/indexaa41.html]
[riviera-home.nl/application/files/cache/css/60d0355810ce0f44939d95a5826a9f70a7447e43.css]
[riviera-home.nl/blog/index.html]
[riviera-home.nl/application/files/cache/js/96345935ed2d6ab1ce319a2ca8454e1726c9c92e.js]
[riviera-home.nl/application/files/cache/js/563bb854eb0a9b3e6686a032d023be0c7e82f60d.js]
[riviera-home.nl/over-ons/blog/Trends/index.html]
[riviera-home.nl/over-ons/blog/vinyl/index.html]
[riviera-home.nl/over-ons/blog/vivendi/index.html]
[riviera-home.nl/application/files/cache/js/c5ae7895bb77ab7ffb107587f7d2affb80b0ca67.js]
[riviera-home.nl/over-ons/blog/indexbabf.html]
[riviera-home.nl/over-ons/blog/index394d.html]
[riviera-home.nl/over-ons/blog/index7abc.html]
[riviera-home.nl/faq/installatie/pvc-met-elektrische-vloerverwarming-kan-dat/index.html]
[riviera-home.nl/faq/installatie/pvc-combinatie-met-vloerkoeling-kan-dat/index.html]
[riviera-home.nl/faq/installatie/pvc-combinatie-met-vloerverwarming-kan-dat/index.html]
[riviera-home.nl/faq/onderhoud/lichte-krassen-de-vloer-hoe-lossen-we-dat-op/index.html]
[riviera-home.nl/faq/onderhoud/water-en-pvc-gaat-dat-samen/index.html]
[riviera-home.nl/faq/algemeen/welke-designs-zijn-er/index.html]
[riviera-home.nl/faq/algemeen/pvc-niet-slecht-voor-mijn-leefomgeving/index.html]
[riviera-home.nl/faq/onderhoud/een-diepe-kras-het-pvc/index.html]
[riviera-home.nl/faq/algemeen/zitten-er-pvc-geen-ftalaten/index.html]
[riviera-home.nl/faq/algemeen/zitten-er-weekmakers-het-pvc/index.html]
[riviera-home.nl/faq/installatie/kan-het-laminaat-worden-doorgelegd-naar-andere-ruimten/index.html]
[riviera-home.nl/faq/installatie/laminaat-de-badkamer/index.html]
[riviera-home.nl/faq/onderhoud/onderhoud-van-laminaat-dat-veel-werk/index.html]
[riviera-home.nl/faq/installatie/kan-laminaat-visgraat-motief-worden-geplaatst/index.html]
[riviera-home.nl/faq/installatie/kan-laminaat-strak-tegen-de-muur-worden-geplaatst/index.html]
[riviera-home.nl/faq/algemeen/verschil-tussen-een-visgraatpatroon-en-hongaarse-punt/index.html]
[riviera-home.nl/faq/algemeen/geluiddempende-werking-van-pvc/index.html]
[riviera-home.nl/faq/algemeen/embossed-register-wat-dat/index.html]
[riviera-home.nl/faq/algemeen/welke-laminaat-designs-zijn-er/index.html]
[riviera-home.nl/faq/onderhoud/reinigen-van-pvc-veel-werk/index.html]
[riviera-home.nl/faq/onderhoud/schade-op-de-vloer-waardoor-een-paneel-moet-worden-vervangen/index.html]
[riviera-home.nl/faq/onderhoud/na-jarenlang-woongenot-uw-toplaag-niet-meer-mooi/index.html]
[riviera-home.nl/faq/onderhoud/water-en-laminaat-gaat-dat-samen/index.html]
[riviera-home.nl/faq/onderhoud/mijn-laminaat-kraakt-wat-te-doen/index.html]
[riviera-home.nl/faq/onderhoud/vloer-beschadigd-wat-te-doen/index.html]
[riviera-home.nl/faq/onderhoud/vloer-beschadigd-waardoor-een-paneel-moet-worden-vervangen-wat-te-doen/index.html]
[riviera-home.nl/faq/techniek/vraag-1/index.html]
[riviera-home.nl/faq/techniek/kan-pvc-strak-tegen-de-muur-worden-geplaatst/index.html]
[riviera-home.nl/faq/installatie/vraag-1/index.html]
[riviera-home.nl/faq/installatie/kan-pvc-visgraatmotief-worden-geplaatst/index.html]
[riviera-home.nl/faq/installatie/kan-pvc-een-appartement-worden-geplaatst/index.html]
[riviera-home.nl/faq/installatie/pvc-vloer-combinatie-met-een-keukeneiland/index.html]
[riviera-home.nl/faq/installatie/pvc-op-een-houten-basisvloer-kan-dat/index.html]
[riviera-home.nl/faq/installatie/pvc-vloer-de-badkamer/index.html]
[riviera-home.nl/faq/installatie/kan-laminaat-een-appartement-worden-geplaatst/index.html]
[riviera-home.nl/faq/installatie/laminaat-combinatie-met-een-keukeneiland/index.html]
[riviera-home.nl/faq/installatie/laminaat-combinatie-met-vloerkoeling-kan-dat/index.html]
[riviera-home.nl/faq/installatie/laminaat-met-elektrische-vloerverwarming-kan-dat/index.html]
[riviera-home.nl/faq/installatie/kan-ik-laminaat-zelf-plaatsen/index.html]
[riviera-home.nl/faq/installatie/mijn-laminaat-ligt-steeds-vast-tegen-de-muur-wat-te-doen/index.html]
[riviera-home.nl/application/files/images/cache/fa608c00e90343c25c32a8da47e69ca56198f6e9.jpg]
[riviera-home.nl/faq/installatie/mijn-laminaat-ligt-steeds-vast-tegen-de-muur-wat-te-doen-2/index.html]
[riviera-home.nl/application/files/cache/css/ed9a2f2a339d070e6d96281fc09d951256484f73.css]
[riviera-home.nl/over-ons/blog/Trends/indexbabf.html]
[riviera-home.nl/over-ons/blog/Trends/index394d.html]
[riviera-home.nl/over-ons/blog/Trends/index7abc.html]
[riviera-home.nl/over-ons/blog/vinyl/indexbabf.html]
[riviera-home.nl/over-ons/blog/vinyl/index394d.html]
[riviera-home.nl/over-ons/blog/vinyl/index7abc.html]
[riviera-home.nl/over-ons/blog/vivendi/indexbabf.html]
[riviera-home.nl/over-ons/blog/vivendi/index394d.html]
[riviera-home.nl/over-ons/blog/vivendi/index7abc.html]
